{
  "org.apache:test-SNAPSHOT1:2.0.2-SNAPSHOT:20070310.181613-3": {
    "test-SNAPSHOT1-2.0.2-20070310.181613-3.jar": {
      "urls": [
      ],
      "hash": "sha256-a99mtb8qROZYvqLuhmlasVCgbmAL9nzVzOJFrVSWLGE="
    },
    "test-SNAPSHOT1-2.0.2-20070310.181613-3.pom": {
      "urls": [
      ],
      "hash": "sha256-HkNYH8bwRqh0B760aORWKwMuDrO1E89Y8tx0esl66gs="
    }
  }
}