{
  "com.gradle.publish:plugin-publish-plugin": {
    "1.2.1": {
      "plugin-publish-plugin-1.2.1.jar": {
        "urls": [
          "https://plugins.gradle.org/m2/com/gradle/publish/plugin-publish-plugin/1.2.1/plugin-publish-plugin-1.2.1.jar"
        ],
        "hash": "sha256-KY8MLpeVMhcaBaQWAyY3M7ZfiRE9ToCczQ4mmQFJ3hg="
      },
      "plugin-publish-plugin-1.2.1.module": {
        "urls": [
          "https://plugins.gradle.org/m2/com/gradle/publish/plugin-publish-plugin/1.2.1/plugin-publish-plugin-1.2.1.module"
        ],
        "hash": "sha256-w98uuag1ZdO2MVDYa0344o9mG1XOzdRJJ+RpMxA2yxk="
      },
      "plugin-publish-plugin-1.2.1.pom": {
        "urls": [
          "https://plugins.gradle.org/m2/com/gradle/publish/plugin-publish-plugin/1.2.1/plugin-publish-plugin-1.2.1.pom"
        ],
        "hash": "sha256-E6X+iu2+Rs/b6hLp/NcJemKygqpqtMkIZWuWzpoqX6M="
      }
    }
  },
  "org.apache.maven:maven-model": {
    "3.6.3": {
      "maven-model-3.6.3.jar": {
        "urls": [
          "https://plugins.gradle.org/m2/org/apache/maven/maven-model/3.6.3/maven-model-3.6.3.jar"
        ],
        "hash": "sha256-F87x9Y4UbvDX2elrO5LZih1v19KzKIulOOj/Hg2RYM8="
      },
      "maven-model-3.6.3.pom": {
        "urls": [
          "https://plugins.gradle.org/m2/org/apache/maven/maven-model/3.6.3/maven-model-3.6.3.pom"
        ],
        "hash": "sha256-fHIOjLA9KFxxzW4zTZyeWWBivdMQ7grRX1xHmpkxVPA="
      }
    }
  },
  "org.gradle.kotlin.kotlin-dsl:org.gradle.kotlin.kotlin-dsl.gradle.plugin": {
    "4.2.1": {
      "org.gradle.kotlin.kotlin-dsl.gradle.plugin-4.2.1.pom": {
        "urls": [
          "https://plugins.gradle.org/m2/org/gradle/kotlin/kotlin-dsl/org.gradle.kotlin.kotlin-dsl.gradle.plugin/4.2.1/org.gradle.kotlin.kotlin-dsl.gradle.plugin-4.2.1.pom"
        ],
        "hash": "sha256-MR/57KF7D2ycyBBOu4jHPTikmFoEiLAWcLwr4J5aIyA="
      }
    }
  },
  "org.gradle.kotlin:gradle-kotlin-dsl-plugins": {
    "4.2.1": {
      "gradle-kotlin-dsl-plugins-4.2.1.jar": {
        "urls": [
          "https://plugins.gradle.org/m2/org/gradle/kotlin/gradle-kotlin-dsl-plugins/4.2.1/gradle-kotlin-dsl-plugins-4.2.1.jar"
        ],
        "hash": "sha256-UU8yyenA0IAji9/8ASH0PRYEnFeFqadeuGYMTrplj/o="
      },
      "gradle-kotlin-dsl-plugins-4.2.1.module": {
        "urls": [
          "https://plugins.gradle.org/m2/org/gradle/kotlin/gradle-kotlin-dsl-plugins/4.2.1/gradle-kotlin-dsl-plugins-4.2.1.module"
        ],
        "hash": "sha256-0w8XMxUzcV3LgIG4YvZjGUf4YPHLjgWjJcexiIz/KgA="
      },
      "gradle-kotlin-dsl-plugins-4.2.1.pom": {
        "urls": [
          "https://plugins.gradle.org/m2/org/gradle/kotlin/gradle-kotlin-dsl-plugins/4.2.1/gradle-kotlin-dsl-plugins-4.2.1.pom"
        ],
        "hash": "sha256-lMOWsjFHh+ZXZg516zxtQKFdolRygvFMJLsiXKuzJaI="
      }
    }
  },
  "org.jetbrains.intellij.deps:trove4j": {
    "1.0.20200330": {
      "trove4j-1.0.20200330.jar": {
        "urls": [
          "https://plugins.gradle.org/m2/org/jetbrains/intellij/deps/trove4j/1.0.20200330/trove4j-1.0.20200330.jar"
        ],
        "hash": "sha256-xf1yW/+rUYRr88d9sTg8YKquv+G3/i8A0j/ht98KQ50="
      },
      "trove4j-1.0.20200330.pom": {
        "urls": [
          "https://plugins.gradle.org/m2/org/jetbrains/intellij/deps/trove4j/1.0.20200330/trove4j-1.0.20200330.pom"
        ],
        "hash": "sha256-h3IcuqZaPJfYsbqdIHhA8WTJ/jh1n8nqEP/iZWX40+k="
      }
    }
  },
  "org.jetbrains.kotlin:kotlin-android-extensions": {
    "1.9.20": {
      "kotlin-android-extensions-1.9.20.jar": {
        "urls": [
          "https://plugins.gradle.org/m2/org/jetbrains/kotlin/kotlin-android-extensions/1.9.20/kotlin-android-extensions-1.9.20.jar"
        ],
        "hash": "sha256-t3EjlGnwrwfhgPdGz95qeVbCtiYeGuIOWx1iCg3Sm/8="
      },
      "kotlin-android-extensions-1.9.20.pom": {
        "urls": [
          "https://plugins.gradle.org/m2/org/jetbrains/kotlin/kotlin-android-extensions/1.9.20/kotlin-android-extensions-1.9.20.pom"
        ],
        "hash": "sha256-DXrbht5Z1d44B+3tGwlbyeFLAK3x3CUKX2LJw/VBg+Y="
      }
    }
  },
  "org.jetbrains.kotlin:kotlin-assignment": {
    "1.9.20": {
      "kotlin-assignment-1.9.20-gradle81.jar": {
        "urls": [
          "https://plugins.gradle.org/m2/org/jetbrains/kotlin/kotlin-assignment/1.9.20/kotlin-assignment-1.9.20-gradle81.jar"
        ],
        "hash": "sha256-ztlN7cdMOUOlaRsY6tTRZzLwvbQQeLAoJND8foLj/uI="
      },
      "kotlin-assignment-1.9.20.module": {
        "urls": [
          "https://plugins.gradle.org/m2/org/jetbrains/kotlin/kotlin-assignment/1.9.20/kotlin-assignment-1.9.20.module"
        ],
        "hash": "sha256-KfAzaty3JPax04XG7SfYv1FikHMXu8gvuaTjGJ8D5Gc="
      },
      "kotlin-assignment-1.9.20.pom": {
        "urls": [
          "https://plugins.gradle.org/m2/org/jetbrains/kotlin/kotlin-assignment/1.9.20/kotlin-assignment-1.9.20.pom"
        ],
        "hash": "sha256-MjMxOtdq5rpN2Npal4hCduW0aik7RJWLw1LKAdRm9+0="
      }
    }
  },
  "org.jetbrains.kotlin:kotlin-assignment-compiler-plugin-embeddable": {
    "1.9.20": {
      "kotlin-assignment-compiler-plugin-embeddable-1.9.20.jar": {
        "urls": [
          "https://plugins.gradle.org/m2/org/jetbrains/kotlin/kotlin-assignment-compiler-plugin-embeddable/1.9.20/kotlin-assignment-compiler-plugin-embeddable-1.9.20.jar"
        ],
        "hash": "sha256-xiG4V/X+ExIZ2FduGR0G8tt6bfgPoUnQRsMuuiaQat0="
      },
      "kotlin-assignment-compiler-plugin-embeddable-1.9.20.pom": {
        "urls": [
          "https://plugins.gradle.org/m2/org/jetbrains/kotlin/kotlin-assignment-compiler-plugin-embeddable/1.9.20/kotlin-assignment-compiler-plugin-embeddable-1.9.20.pom"
        ],
        "hash": "sha256-Df0Ud50u4/gHw+/3IBxl0jNX87jMEYK0sFbkdJX9UoE="
      }
    }
  },
  "org.jetbrains.kotlin:kotlin-build-tools-api": {
    "1.9.20": {
      "kotlin-build-tools-api-1.9.20.jar": {
        "urls": [
          "https://plugins.gradle.org/m2/org/jetbrains/kotlin/kotlin-build-tools-api/1.9.20/kotlin-build-tools-api-1.9.20.jar"
        ],
        "hash": "sha256-xyKUjFaDUs3BncioskXRSq5QfU3P/eansmxTXEcsGxc="
      },
      "kotlin-build-tools-api-1.9.20.pom": {
        "urls": [
          "https://plugins.gradle.org/m2/org/jetbrains/kotlin/kotlin-build-tools-api/1.9.20/kotlin-build-tools-api-1.9.20.pom"
        ],
        "hash": "sha256-P7w3D4WHo9joDGny3M1lxVFzu0S505QuFVNrzjzNwaY="
      }
    }
  },
  "org.jetbrains.kotlin:kotlin-compiler-embeddable": {
    "1.9.20": {
      "kotlin-compiler-embeddable-1.9.20.jar": {
        "urls": [
          "https://plugins.gradle.org/m2/org/jetbrains/kotlin/kotlin-compiler-embeddable/1.9.20/kotlin-compiler-embeddable-1.9.20.jar"
        ],
        "hash": "sha256-olAk/l2oRA3gGvBFxPy5VKIvB4c47AJhYIXwz8V7JwI="
      },
      "kotlin-compiler-embeddable-1.9.20.pom": {
        "urls": [
          "https://plugins.gradle.org/m2/org/jetbrains/kotlin/kotlin-compiler-embeddable/1.9.20/kotlin-compiler-embeddable-1.9.20.pom"
        ],
        "hash": "sha256-x9jfyJ5iFEJQRQa5SS+3YxF0BhIM6RByvAZ/+W0mTCM="
      }
    }
  },
  "org.jetbrains.kotlin:kotlin-compiler-runner": {
    "1.9.20": {
      "kotlin-compiler-runner-1.9.20.jar": {
        "urls": [
          "https://plugins.gradle.org/m2/org/jetbrains/kotlin/kotlin-compiler-runner/1.9.20/kotlin-compiler-runner-1.9.20.jar"
        ],
        "hash": "sha256-SXacBG+NOSZUpKtSr3lUVb1B6I2Dkq6rkCjw7dXo1Qs="
      },
      "kotlin-compiler-runner-1.9.20.pom": {
        "urls": [
          "https://plugins.gradle.org/m2/org/jetbrains/kotlin/kotlin-compiler-runner/1.9.20/kotlin-compiler-runner-1.9.20.pom"
        ],
        "hash": "sha256-XKJ9myEE4yMOf4Grqm62Eb85htdKAOVl4l7rGGENDYo="
      }
    }
  },
  "org.jetbrains.kotlin:kotlin-daemon-client": {
    "1.9.20": {
      "kotlin-daemon-client-1.9.20.jar": {
        "urls": [
          "https://plugins.gradle.org/m2/org/jetbrains/kotlin/kotlin-daemon-client/1.9.20/kotlin-daemon-client-1.9.20.jar"
        ],
        "hash": "sha256-WCIwy8/WXTa5S8nRJ/kAJLjPF9+kpn72qSnxTGwnZhw="
      },
      "kotlin-daemon-client-1.9.20.pom": {
        "urls": [
          "https://plugins.gradle.org/m2/org/jetbrains/kotlin/kotlin-daemon-client/1.9.20/kotlin-daemon-client-1.9.20.pom"
        ],
        "hash": "sha256-0qQYFjppSNcrBMvjUgOi4wXhw41WgJAXCshy+IH6k4E="
      }
    }
  },
  "org.jetbrains.kotlin:kotlin-daemon-embeddable": {
    "1.9.20": {
      "kotlin-daemon-embeddable-1.9.20.jar": {
        "urls": [
          "https://plugins.gradle.org/m2/org/jetbrains/kotlin/kotlin-daemon-embeddable/1.9.20/kotlin-daemon-embeddable-1.9.20.jar"
        ],
        "hash": "sha256-qTnLXW7ip1jJKFvZ8yhoJL6r4S2aS19J94TQvKMp3qU="
      },
      "kotlin-daemon-embeddable-1.9.20.pom": {
        "urls": [
          "https://plugins.gradle.org/m2/org/jetbrains/kotlin/kotlin-daemon-embeddable/1.9.20/kotlin-daemon-embeddable-1.9.20.pom"
        ],
        "hash": "sha256-zYkt52nMILl5jiJTjZljB0sF8cRI8uAat3VH7rZZfUE="
      }
    }
  },
  "org.jetbrains.kotlin:kotlin-gradle-plugin": {
    "1.9.20": {
      "kotlin-gradle-plugin-1.9.20-gradle81.jar": {
        "urls": [
          "https://plugins.gradle.org/m2/org/jetbrains/kotlin/kotlin-gradle-plugin/1.9.20/kotlin-gradle-plugin-1.9.20-gradle81.jar"
        ],
        "hash": "sha256-BJEPymUvjb6ASknI5ylxv2QdA82LRaBlukzhDGWE6qw="
      },
      "kotlin-gradle-plugin-1.9.20.module": {
        "urls": [
          "https://plugins.gradle.org/m2/org/jetbrains/kotlin/kotlin-gradle-plugin/1.9.20/kotlin-gradle-plugin-1.9.20.module"
        ],
        "hash": "sha256-VVJcPgNpJSnI8ZZgd4mtyO6xogfqEx+NnBwytJf35jY="
      },
      "kotlin-gradle-plugin-1.9.20.pom": {
        "urls": [
          "https://plugins.gradle.org/m2/org/jetbrains/kotlin/kotlin-gradle-plugin/1.9.20/kotlin-gradle-plugin-1.9.20.pom"
        ],
        "hash": "sha256-HOzt6DD+6ar1QulF/AQWZ1FYqlVgzGKYlcsvd3FBiTY="
      }
    }
  },
  "org.jetbrains.kotlin:kotlin-gradle-plugin-annotations": {
    "1.9.20": {
      "kotlin-gradle-plugin-annotations-1.9.20.jar": {
        "urls": [
          "https://plugins.gradle.org/m2/org/jetbrains/kotlin/kotlin-gradle-plugin-annotations/1.9.20/kotlin-gradle-plugin-annotations-1.9.20.jar"
        ],
        "hash": "sha256-Klw2IuJGhYTRq32rOs2P+2BAO2N90GA69nXibToFQyk="
      },
      "kotlin-gradle-plugin-annotations-1.9.20.pom": {
        "urls": [
          "https://plugins.gradle.org/m2/org/jetbrains/kotlin/kotlin-gradle-plugin-annotations/1.9.20/kotlin-gradle-plugin-annotations-1.9.20.pom"
        ],
        "hash": "sha256-9L+gqiwjkuTyPia38aQZhlvrdqAW2BgIcrsIbMADWU4="
      }
    }
  },
  "org.jetbrains.kotlin:kotlin-gradle-plugin-api": {
    "1.9.20": {
      "kotlin-gradle-plugin-api-1.9.20-gradle81.jar": {
        "urls": [
          "https://plugins.gradle.org/m2/org/jetbrains/kotlin/kotlin-gradle-plugin-api/1.9.20/kotlin-gradle-plugin-api-1.9.20-gradle81.jar"
        ],
        "hash": "sha256-KHwmdl+GkuXrVQWFQSaBnPuwx9XUm75fRXcUJ+oZkT0="
      },
      "kotlin-gradle-plugin-api-1.9.20.jar": {
        "urls": [
          "https://plugins.gradle.org/m2/org/jetbrains/kotlin/kotlin-gradle-plugin-api/1.9.20/kotlin-gradle-plugin-api-1.9.20.jar"
        ],
        "hash": "sha256-KHwmdl+GkuXrVQWFQSaBnPuwx9XUm75fRXcUJ+oZkT0="
      },
      "kotlin-gradle-plugin-api-1.9.20.module": {
        "urls": [
          "https://plugins.gradle.org/m2/org/jetbrains/kotlin/kotlin-gradle-plugin-api/1.9.20/kotlin-gradle-plugin-api-1.9.20.module"
        ],
        "hash": "sha256-SD51d/Tp4tPKF/aqZPRlXUYDwrHQ5t/VlRVS70DV10U="
      },
      "kotlin-gradle-plugin-api-1.9.20.pom": {
        "urls": [
          "https://plugins.gradle.org/m2/org/jetbrains/kotlin/kotlin-gradle-plugin-api/1.9.20/kotlin-gradle-plugin-api-1.9.20.pom"
        ],
        "hash": "sha256-oZKj3Ob7gpwnvQgdggXYmJlp1R/D7J5tctzERt6H9ys="
      }
    }
  },
  "org.jetbrains.kotlin:kotlin-gradle-plugin-idea": {
    "1.9.20": {
      "kotlin-gradle-plugin-idea-1.9.20.jar": {
        "urls": [
          "https://plugins.gradle.org/m2/org/jetbrains/kotlin/kotlin-gradle-plugin-idea/1.9.20/kotlin-gradle-plugin-idea-1.9.20.jar"
        ],
        "hash": "sha256-jRr4djLZUUjxIqn6CuKQPBnub6t9AeAX924NLJoCLCA="
      },
      "kotlin-gradle-plugin-idea-1.9.20.module": {
        "urls": [
          "https://plugins.gradle.org/m2/org/jetbrains/kotlin/kotlin-gradle-plugin-idea/1.9.20/kotlin-gradle-plugin-idea-1.9.20.module"
        ],
        "hash": "sha256-Hms5OB86T5sUl0VOgl+JQuDJxuw9wbii/WNuI3GV+Ks="
      },
      "kotlin-gradle-plugin-idea-1.9.20.pom": {
        "urls": [
          "https://plugins.gradle.org/m2/org/jetbrains/kotlin/kotlin-gradle-plugin-idea/1.9.20/kotlin-gradle-plugin-idea-1.9.20.pom"
        ],
        "hash": "sha256-m6hUoroB+w9/7fl8b5P2W42otQ6jv1OQofuoDmQqMic="
      }
    }
  },
  "org.jetbrains.kotlin:kotlin-gradle-plugin-idea-proto": {
    "1.9.20": {
      "kotlin-gradle-plugin-idea-proto-1.9.20.jar": {
        "urls": [
          "https://plugins.gradle.org/m2/org/jetbrains/kotlin/kotlin-gradle-plugin-idea-proto/1.9.20/kotlin-gradle-plugin-idea-proto-1.9.20.jar"
        ],
        "hash": "sha256-xnsNiEn+vdmpZO2gvRZ8FnxNBWyo3TiSQdkuHXY8lJA="
      },
      "kotlin-gradle-plugin-idea-proto-1.9.20.pom": {
        "urls": [
          "https://plugins.gradle.org/m2/org/jetbrains/kotlin/kotlin-gradle-plugin-idea-proto/1.9.20/kotlin-gradle-plugin-idea-proto-1.9.20.pom"
        ],
        "hash": "sha256-1AENSzu56SQPPeDnjo31pYEjbzPWLoBwyP3yUxdwNZQ="
      }
    }
  },
  "org.jetbrains.kotlin:kotlin-gradle-plugin-model": {
    "1.9.20": {
      "kotlin-gradle-plugin-model-1.9.20.jar": {
        "urls": [
          "https://plugins.gradle.org/m2/org/jetbrains/kotlin/kotlin-gradle-plugin-model/1.9.20/kotlin-gradle-plugin-model-1.9.20.jar"
        ],
        "hash": "sha256-f5MPDkVLdYGPX4l2ulFfOuyIdnGl/oU4Csl/BdqZhqc="
      },
      "kotlin-gradle-plugin-model-1.9.20.module": {
        "urls": [
          "https://plugins.gradle.org/m2/org/jetbrains/kotlin/kotlin-gradle-plugin-model/1.9.20/kotlin-gradle-plugin-model-1.9.20.module"
        ],
        "hash": "sha256-OZaqq5tUbM9FWxyvDDFuoy6c5kb+tU6XOvTWn7YF8kg="
      },
      "kotlin-gradle-plugin-model-1.9.20.pom": {
        "urls": [
          "https://plugins.gradle.org/m2/org/jetbrains/kotlin/kotlin-gradle-plugin-model/1.9.20/kotlin-gradle-plugin-model-1.9.20.pom"
        ],
        "hash": "sha256-jXpoeFaRP5ydn96r2/hg6cEZ65WtmdXbXYisIya1FJs="
      }
    }
  },
  "org.jetbrains.kotlin:kotlin-gradle-plugins-bom": {
    "1.9.20": {
      "kotlin-gradle-plugins-bom-1.9.20.module": {
        "urls": [
          "https://plugins.gradle.org/m2/org/jetbrains/kotlin/kotlin-gradle-plugins-bom/1.9.20/kotlin-gradle-plugins-bom-1.9.20.module"
        ],
        "hash": "sha256-dyD4Rc/jGaoablsjOH5pIKNema5CGMoPb24H/RcTCTw="
      },
      "kotlin-gradle-plugins-bom-1.9.20.pom": {
        "urls": [
          "https://plugins.gradle.org/m2/org/jetbrains/kotlin/kotlin-gradle-plugins-bom/1.9.20/kotlin-gradle-plugins-bom-1.9.20.pom"
        ],
        "hash": "sha256-bzukKj6YFwAoTJVhRu9NcWuJrb5dgDq5JVPewhY0QzA="
      }
    }
  },
  "org.jetbrains.kotlin:kotlin-klib-commonizer-api": {
    "1.9.20": {
      "kotlin-klib-commonizer-api-1.9.20.jar": {
        "urls": [
          "https://plugins.gradle.org/m2/org/jetbrains/kotlin/kotlin-klib-commonizer-api/1.9.20/kotlin-klib-commonizer-api-1.9.20.jar"
        ],
        "hash": "sha256-ibYmCCiVMELjEKUlkqpbWV9fibZBzGo9OoFV75LYj/4="
      },
      "kotlin-klib-commonizer-api-1.9.20.pom": {
        "urls": [
          "https://plugins.gradle.org/m2/org/jetbrains/kotlin/kotlin-klib-commonizer-api/1.9.20/kotlin-klib-commonizer-api-1.9.20.pom"
        ],
        "hash": "sha256-l4D9xWeaTbGhcPpSEPVhzrKtRrb4Kchqwx/HjPkpbGU="
      }
    }
  },
  "org.jetbrains.kotlin:kotlin-native-utils": {
    "1.9.20": {
      "kotlin-native-utils-1.9.20.jar": {
        "urls": [
          "https://plugins.gradle.org/m2/org/jetbrains/kotlin/kotlin-native-utils/1.9.20/kotlin-native-utils-1.9.20.jar"
        ],
        "hash": "sha256-sPkrySU6kH8M4oUyhkP+ijbCftSUtcWRnuCcKSbY6NI="
      },
      "kotlin-native-utils-1.9.20.pom": {
        "urls": [
          "https://plugins.gradle.org/m2/org/jetbrains/kotlin/kotlin-native-utils/1.9.20/kotlin-native-utils-1.9.20.pom"
        ],
        "hash": "sha256-8+9ZeAaTG0DO7YHZG2nnzHp4Z+zO2S20S7/mEkd2xbw="
      }
    }
  },
  "org.jetbrains.kotlin:kotlin-project-model": {
    "1.9.20": {
      "kotlin-project-model-1.9.20.jar": {
        "urls": [
          "https://plugins.gradle.org/m2/org/jetbrains/kotlin/kotlin-project-model/1.9.20/kotlin-project-model-1.9.20.jar"
        ],
        "hash": "sha256-JhqbQOJA4lmsNZwWk4AC7MbAhDSlxuXlv/7iQqPFAhg="
      },
      "kotlin-project-model-1.9.20.pom": {
        "urls": [
          "https://plugins.gradle.org/m2/org/jetbrains/kotlin/kotlin-project-model/1.9.20/kotlin-project-model-1.9.20.pom"
        ],
        "hash": "sha256-4FhEBdW+70QKZrKQ1uTA3UPqll3DW3cMHqMmSofSczw="
      }
    }
  },
  "org.jetbrains.kotlin:kotlin-reflect": {
    "1.9.20": {
      "kotlin-reflect-1.9.20.jar": {
        "urls": [
          "https://plugins.gradle.org/m2/org/jetbrains/kotlin/kotlin-reflect/1.9.20/kotlin-reflect-1.9.20.jar"
        ],
        "hash": "sha256-SbZvmonVD9KVTC6K6sgOT0iLCgkyKiXvrWJhV2cT3A8="
      },
      "kotlin-reflect-1.9.20.pom": {
        "urls": [
          "https://plugins.gradle.org/m2/org/jetbrains/kotlin/kotlin-reflect/1.9.20/kotlin-reflect-1.9.20.pom"
        ],
        "hash": "sha256-lCtehgLTF+wTZS8cAiIFK7kIF/KM9v6dRxEvCbPo5n0="
      }
    },
    "1.6.10": {
      "kotlin-reflect-1.6.10.jar": {
        "urls": [
          "https://plugins.gradle.org/m2/org/jetbrains/kotlin/kotlin-reflect/1.6.10/kotlin-reflect-1.6.10.jar"
        ],
        "hash": "sha256-MnesECrheq0QpVq+x1/1aWyNEJeQOWQ0tJbnUIeFQgM="
      },
      "kotlin-reflect-1.6.10.pom": {
        "urls": [
          "https://plugins.gradle.org/m2/org/jetbrains/kotlin/kotlin-reflect/1.6.10/kotlin-reflect-1.6.10.pom"
        ],
        "hash": "sha256-V5BVJCdKAK4CiqzMJyg/a8WSWpNKBGwcxdBsjuTW1ak="
      }
    }
  },
  "org.jetbrains.kotlin:kotlin-sam-with-receiver": {
    "1.9.20": {
      "kotlin-sam-with-receiver-1.9.20-gradle81.jar": {
        "urls": [
          "https://plugins.gradle.org/m2/org/jetbrains/kotlin/kotlin-sam-with-receiver/1.9.20/kotlin-sam-with-receiver-1.9.20-gradle81.jar"
        ],
        "hash": "sha256-MDCZRpW7ZaAXvjPiQzLpKtDTwdkLyifA9KL3lStV74M="
      },
      "kotlin-sam-with-receiver-1.9.20.module": {
        "urls": [
          "https://plugins.gradle.org/m2/org/jetbrains/kotlin/kotlin-sam-with-receiver/1.9.20/kotlin-sam-with-receiver-1.9.20.module"
        ],
        "hash": "sha256-goKuJEBF/oGCFBPZSL8mp+/ncYNCGxcOZVj+TC3ORMA="
      },
      "kotlin-sam-with-receiver-1.9.20.pom": {
        "urls": [
          "https://plugins.gradle.org/m2/org/jetbrains/kotlin/kotlin-sam-with-receiver/1.9.20/kotlin-sam-with-receiver-1.9.20.pom"
        ],
        "hash": "sha256-IV1w6BR2xN00PCyRSi9WEhODOXvM4Z8ITLsCqpK2kGM="
      }
    }
  },
  "org.jetbrains.kotlin:kotlin-sam-with-receiver-compiler-plugin-embeddable": {
    "1.9.20": {
      "kotlin-sam-with-receiver-compiler-plugin-embeddable-1.9.20.jar": {
        "urls": [
          "https://plugins.gradle.org/m2/org/jetbrains/kotlin/kotlin-sam-with-receiver-compiler-plugin-embeddable/1.9.20/kotlin-sam-with-receiver-compiler-plugin-embeddable-1.9.20.jar"
        ],
        "hash": "sha256-02IXChzBUxYPDLIDjIRBEDS1bAVamzFvMsC3txaMoPI="
      },
      "kotlin-sam-with-receiver-compiler-plugin-embeddable-1.9.20.pom": {
        "urls": [
          "https://plugins.gradle.org/m2/org/jetbrains/kotlin/kotlin-sam-with-receiver-compiler-plugin-embeddable/1.9.20/kotlin-sam-with-receiver-compiler-plugin-embeddable-1.9.20.pom"
        ],
        "hash": "sha256-lo97qpSJb+esipLfy16Tfd22iSIJudwCJUNUugrXf2A="
      }
    }
  },
  "org.jetbrains.kotlin:kotlin-script-runtime": {
    "1.9.20": {
      "kotlin-script-runtime-1.9.20.jar": {
        "urls": [
          "https://plugins.gradle.org/m2/org/jetbrains/kotlin/kotlin-script-runtime/1.9.20/kotlin-script-runtime-1.9.20.jar"
        ],
        "hash": "sha256-ompiVqdvdmq4us20CbP4yUDZmXEqjoiGQlK2eNZrq54="
      },
      "kotlin-script-runtime-1.9.20.pom": {
        "urls": [
          "https://plugins.gradle.org/m2/org/jetbrains/kotlin/kotlin-script-runtime/1.9.20/kotlin-script-runtime-1.9.20.pom"
        ],
        "hash": "sha256-vNIn0pN0LFEaJLssVoItlfljivUTW5c+fNo+inZoZXk="
      }
    }
  },
  "org.jetbrains.kotlin:kotlin-scripting-common": {
    "1.9.20": {
      "kotlin-scripting-common-1.9.20.jar": {
        "urls": [
          "https://plugins.gradle.org/m2/org/jetbrains/kotlin/kotlin-scripting-common/1.9.20/kotlin-scripting-common-1.9.20.jar"
        ],
        "hash": "sha256-WqCEd8tz95J0E67Gg6SqOz+Z6HvgYwJVzml0UqGkLWU="
      },
      "kotlin-scripting-common-1.9.20.pom": {
        "urls": [
          "https://plugins.gradle.org/m2/org/jetbrains/kotlin/kotlin-scripting-common/1.9.20/kotlin-scripting-common-1.9.20.pom"
        ],
        "hash": "sha256-GH6fO3S9VqCDZJgYx7mkD4vCP2IBKwinvJnD+ohr/wM="
      }
    }
  },
  "org.jetbrains.kotlin:kotlin-scripting-compiler-embeddable": {
    "1.9.20": {
      "kotlin-scripting-compiler-embeddable-1.9.20.jar": {
        "urls": [
          "https://plugins.gradle.org/m2/org/jetbrains/kotlin/kotlin-scripting-compiler-embeddable/1.9.20/kotlin-scripting-compiler-embeddable-1.9.20.jar"
        ],
        "hash": "sha256-IYHdDE1SxvaWrZ8Xk0IzeQ9NaCNLFBjWN2/aflw3TE4="
      },
      "kotlin-scripting-compiler-embeddable-1.9.20.pom": {
        "urls": [
          "https://plugins.gradle.org/m2/org/jetbrains/kotlin/kotlin-scripting-compiler-embeddable/1.9.20/kotlin-scripting-compiler-embeddable-1.9.20.pom"
        ],
        "hash": "sha256-JmEo2/Q1466/7mU1fd4QLJ7ZKd/rCQHla+eMoUjFc/c="
      }
    }
  },
  "org.jetbrains.kotlin:kotlin-scripting-compiler-impl-embeddable": {
    "1.9.20": {
      "kotlin-scripting-compiler-impl-embeddable-1.9.20.jar": {
        "urls": [
          "https://plugins.gradle.org/m2/org/jetbrains/kotlin/kotlin-scripting-compiler-impl-embeddable/1.9.20/kotlin-scripting-compiler-impl-embeddable-1.9.20.jar"
        ],
        "hash": "sha256-3Jq29pxZKtHx0uK5lLl1CdDuCUgL6mvHce7u8wceuBc="
      },
      "kotlin-scripting-compiler-impl-embeddable-1.9.20.pom": {
        "urls": [
          "https://plugins.gradle.org/m2/org/jetbrains/kotlin/kotlin-scripting-compiler-impl-embeddable/1.9.20/kotlin-scripting-compiler-impl-embeddable-1.9.20.pom"
        ],
        "hash": "sha256-bbowA+jK3LFJkt/xNOhmyrWQXquA4nAj3kHCY4WDgZg="
      }
    }
  },
  "org.jetbrains.kotlin:kotlin-scripting-jvm": {
    "1.9.20": {
      "kotlin-scripting-jvm-1.9.20.jar": {
        "urls": [
          "https://plugins.gradle.org/m2/org/jetbrains/kotlin/kotlin-scripting-jvm/1.9.20/kotlin-scripting-jvm-1.9.20.jar"
        ],
        "hash": "sha256-gJ9zvdTdd2auHvLO2WiJbOnAPWpf5t5vZ5l3iFH3W9M="
      },
      "kotlin-scripting-jvm-1.9.20.pom": {
        "urls": [
          "https://plugins.gradle.org/m2/org/jetbrains/kotlin/kotlin-scripting-jvm/1.9.20/kotlin-scripting-jvm-1.9.20.pom"
        ],
        "hash": "sha256-v4gcbi/Go36p0J/+mMoHLfzajcgoj9ibJMrcYLFNt14="
      }
    }
  },
  "org.jetbrains.kotlin:kotlin-stdlib": {
    "1.9.20": {
      "kotlin-stdlib-1.9.20-all.jar": {
        "urls": [
          "https://plugins.gradle.org/m2/org/jetbrains/kotlin/kotlin-stdlib/1.9.20/kotlin-stdlib-1.9.20-all.jar"
        ],
        "hash": "sha256-zsOLwzAucqiq+c3kNrWpBx7gMx4q0F6E2LuJczTX6dQ="
      },
      "kotlin-stdlib-1.9.20.jar": {
        "urls": [
          "https://plugins.gradle.org/m2/org/jetbrains/kotlin/kotlin-stdlib/1.9.20/kotlin-stdlib-1.9.20.jar"
        ],
        "hash": "sha256-KKNbzf9G2GT4DzRqYX5IYoSyCNFzeMQZAN+x3pWpDmw="
      },
      "kotlin-stdlib-1.9.20.module": {
        "urls": [
          "https://plugins.gradle.org/m2/org/jetbrains/kotlin/kotlin-stdlib/1.9.20/kotlin-stdlib-1.9.20.module"
        ],
        "hash": "sha256-3Mql0xVHD6s5IFAohru4Xy2myGECxl2cBEEFRO7bIBk="
      },
      "kotlin-stdlib-1.9.20.pom": {
        "urls": [
          "https://plugins.gradle.org/m2/org/jetbrains/kotlin/kotlin-stdlib/1.9.20/kotlin-stdlib-1.9.20.pom"
        ],
        "hash": "sha256-43IWpzLI6Bqf0FtN2JLDDKwMrXtOP9ovlmP0jogHQcA="
      }
    }
  },
  "org.jetbrains.kotlin:kotlin-tooling-core": {
    "1.9.20": {
      "kotlin-tooling-core-1.9.20.jar": {
        "urls": [
          "https://plugins.gradle.org/m2/org/jetbrains/kotlin/kotlin-tooling-core/1.9.20/kotlin-tooling-core-1.9.20.jar"
        ],
        "hash": "sha256-iTjrl+NjINqj5vsqYP0qBbIy/0pVcXPFAZ8EW4gy2fQ="
      },
      "kotlin-tooling-core-1.9.20.pom": {
        "urls": [
          "https://plugins.gradle.org/m2/org/jetbrains/kotlin/kotlin-tooling-core/1.9.20/kotlin-tooling-core-1.9.20.pom"
        ],
        "hash": "sha256-c9r0kUA5KLFcSTCVeuABrPBPazpLwo/kqld37wlwntY="
      }
    }
  },
  "org.jetbrains.kotlin:kotlin-util-io": {
    "1.9.20": {
      "kotlin-util-io-1.9.20.jar": {
        "urls": [
          "https://plugins.gradle.org/m2/org/jetbrains/kotlin/kotlin-util-io/1.9.20/kotlin-util-io-1.9.20.jar"
        ],
        "hash": "sha256-x0/aqunXn98DMn7oc4JR4CSySyTYtTd6GkKaw7f3LMo="
      },
      "kotlin-util-io-1.9.20.pom": {
        "urls": [
          "https://plugins.gradle.org/m2/org/jetbrains/kotlin/kotlin-util-io/1.9.20/kotlin-util-io-1.9.20.pom"
        ],
        "hash": "sha256-rbH0NbMLIlY6oK5X0/Y5YkWYhIennq+uOOZnb9ggKok="
      }
    }
  },
  "org.jetbrains.kotlin:kotlin-util-klib": {
    "1.9.20": {
      "kotlin-util-klib-1.9.20.jar": {
        "urls": [
          "https://plugins.gradle.org/m2/org/jetbrains/kotlin/kotlin-util-klib/1.9.20/kotlin-util-klib-1.9.20.jar"
        ],
        "hash": "sha256-xFPv4noGMtFhUb/fAIShK4zAGf0ss0LiuIkqzM5OkbI="
      },
      "kotlin-util-klib-1.9.20.pom": {
        "urls": [
          "https://plugins.gradle.org/m2/org/jetbrains/kotlin/kotlin-util-klib/1.9.20/kotlin-util-klib-1.9.20.pom"
        ],
        "hash": "sha256-Vuv6PpLwCiXzwL/tyaYxCV4oYsj/m6WY+T5pGkCe7c0="
      }
    }
  },
  "org.jetbrains.kotlinx:kotlinx-coroutines-core-jvm": {
    "1.5.0": {
      "kotlinx-coroutines-core-jvm-1.5.0.jar": {
        "urls": [
          "https://plugins.gradle.org/m2/org/jetbrains/kotlinx/kotlinx-coroutines-core-jvm/1.5.0/kotlinx-coroutines-core-jvm-1.5.0.jar"
        ],
        "hash": "sha256-eNbMcTX4TWkv83Uvz9H6G74JQNffcGUuTx6u7Ax4r7s="
      },
      "kotlinx-coroutines-core-jvm-1.5.0.module": {
        "urls": [
          "https://plugins.gradle.org/m2/org/jetbrains/kotlinx/kotlinx-coroutines-core-jvm/1.5.0/kotlinx-coroutines-core-jvm-1.5.0.module"
        ],
        "hash": "sha256-yIXdAoEHbFhDgm3jF+PLzcPYhZ2+71OuHPrNG5xg+W4="
      },
      "kotlinx-coroutines-core-jvm-1.5.0.pom": {
        "urls": [
          "https://plugins.gradle.org/m2/org/jetbrains/kotlinx/kotlinx-coroutines-core-jvm/1.5.0/kotlinx-coroutines-core-jvm-1.5.0.pom"
        ],
        "hash": "sha256-U2IuA3eN+EQPwBIgGjW7S9/kAWTv7GErvvze7LL/wqs="
      }
    }
  },
  "org.jetbrains:annotations": {
    "13.0": {
      "annotations-13.0.jar": {
        "urls": [
          "https://plugins.gradle.org/m2/org/jetbrains/annotations/13.0/annotations-13.0.jar"
        ],
        "hash": "sha256-rOKhDcji1f00kl7KwD5JiLLA+FFlDJS4zvSbob0RFHg="
      },
      "annotations-13.0.pom": {
        "urls": [
          "https://plugins.gradle.org/m2/org/jetbrains/annotations/13.0/annotations-13.0.pom"
        ],
        "hash": "sha256-llrrK+3/NpgZvd4b96CzuJuCR91pyIuGN112Fju4w5c="
      }
    }
  }
}